// Jest Snapshot v1, https://goo.gl/fbAQLP

exports[`<Main /> should render heading 1`] = `
<h1
  class=""
>
  Boilerplate
</h1>
`;
